Microchip MPLAB XC8 Compiler V2.40

Linker command line:

-W-3 \
  --edf=D:\Program Files\Microchip\xc8\v2.40\pic\dat\20220703182018_en.msgs \
  -cn -h+dist/default/debug\final_project.X.debug.sym \
  --cmf=dist/default/debug\final_project.X.debug.cmf -z -Q18F4520 \
  -oC:\Users\User\AppData\Local\Temp\xcAs129k.4 --defsym=__MPLAB_BUILD=1 \
  --fixupoverflow=error -Mdist/default/debug/final_project.X.debug.map \
  --md=C:\Users\User\AppData\Local\Temp\xcAs129k.dat -E1 -ver=XC8 Compiler \
  --acfsm=1493 -ACODE=00h-07DBFh -ACONST=00h-07DBFh \
  -ASMALLCONST=0600h-06FFhx119,07D00h-07DBFh -AMEDIUMCONST=0600h-07DBFh \
  -ACOMRAM=01h-07Fh -AABS1=00h-05F3h -ABIGRAM=01h-05F3h \
  -ARAM=080h-0FFh,0100h-01FFhx4,0500h-05F3h -ABANK0=080h-0FFh \
  -ABANK1=0100h-01FFh -ABANK2=0200h-02FFh -ABANK3=0300h-03FFh \
  -ABANK4=0400h-04FFh -ABANK5=0500h-05F3h \
  -ASFR=0F80h-0F9Bh,0F9Dh-0FD3h,0FD5h-0FDAh,0FE0h-0FE2h,0FE8h-0FEAh,0FF0h-0FFCh \
  -ABIGSFR=0F80h-0F9Bh,0F9Dh-0FD3h,0FD5h-0FDAh,0FE0h-0FE2h,0FE8h-0FEAh,0FF0h-0FFCh \
  -ACONFIG=0300000h-030000Dh -AIDLOC=0200000h-0200007h \
  -AEEDATA=0F00000h-0F000FFh -peeprom_data=EEDATA \
  -preset_vec=00h,intcode=08h,intcodelo=018h,powerup,init -pramtop=0600h \
  -psmallconst=SMALLCONST -pmediumconst=MEDIUMCONST -pconst=CONST \
  -AFARRAM=00h-00h \
  -prdata=COMRAM,nvrram=COMRAM,nvbit=COMRAM,rbss=COMRAM,rbit=COMRAM \
  -pfarbss=FARRAM,fardata=FARRAM,nvFARRAM=FARRAM \
  -pintsave_regs=BIGRAM,bigbss=BIGRAM,bigdata=BIGRAM -pbss=RAM \
  -pidata=CODE,irdata=CODE,ibigdata=CODE,ifardata=CODE -prparam=COMRAM \
  C:\Users\User\AppData\Local\Temp\xcAs129k.o \
  dist/default/debug\final_project.X.debug.o 

Object code version is 3.11

Machine type is 18F4520



                Name                               Link     Load   Length Selector   Space Scale
C:\Users\User\AppData\Local\Temp\xcAs129k.o
                idloc                            200000   200000        8        0       5
                config                           300000   300000        E        0       4
                init                                 6C       6C        4        C       0
                reset_vec                             0        0        4        0       0
dist/default/debug\final_project.X.debug.o
                intcodelo                            18       18       54        C       0
                intcode                               8        8        6        4       0
                idloc                            200000   200000        8        0       5
                config                           300000   300000        E        0       4
                temp                                 74       74        1        1       1
                mediumconst                        7AFC     7AFC      2C4     3D7E       0
                text51                             23B6     23B6       16        C       0
                text50                             1CA0     1CA0       7E        C       0
                text49                             1ADA     1ADA       C4        C       0
                text48                              D32      D32      188        C       0
                text47                             1020     1020      164        C       0
                text46                             2280     2280       40        C       0
                text45                             240A     240A        2        C       0
                text44                             194A     194A       CA        C       0
                text43                             21BA     21BA       44        C       0
                text42                             1D1E     1D1E       7A        C       0
                text41                              92C      92C      27C        C       0
                text40                             12D4     12D4      14E        C       0
                text39                             209A     209A       4E        C       0
                text38                             204C     204C       4E        C       0
                intcode_body                       155E     155E      13A        C       0
                text36                             2176     2176       44        C       0
                text35                             2372     2372       18        C       0
                text34                             1F50     1F50       58        C       0
                text32                             23A0     23A0       16        C       0
                text31                             23E8     23E8        C        C       0
                text30                             23FC     23FC        8        C       0
                text29                             23F4     23F4        8        C       0
                text28                             2338     2338       22        C       0
                text27                             238A     238A       16        C       0
                text26                             2130     2130       46        C       0
                text25                             235A     235A       18        C       0
                text24                             1B9E     1B9E       84        C       0
                text23                              BA8      BA8      18A        C       0
                text22                              EBA      EBA      166        C       0
                text21                             21FE     21FE       42        C       0
                text20                             2408     2408        2        C       0
                text19                             187E     187E       CC        C       0
                text18                             20E8     20E8       48        C       0
                text17                             1C22     1C22       7E        C       0
                text16                              6AC      6AC      280        C       0
                text15                             1184     1184      150        C       0
                text14                             1FFA     1FFA       52        C       0
                text13                             1FA8     1FA8       52        C       0
                text12                               70       70      388        C       0
                text11                             23DC     23DC        C        C       0
                text10                             1A14     1A14       C6        C       0
                text9                              1D98     1D98       76        C       0
                text8                              1E7E     1E7E       6C        C       0
                text7                              1E0E     1E0E       70        C       0
                text6                              178E     178E       F0        C       0
                text5                              2240     2240       40        C       0
                text4                              22FE     22FE       3A        C       0
                text3                               3F8      3F8      2B4        C       0
                text2                              1698     1698       F6        C       0
                text1                              22C0     22C0       3E        C       0
                text0                              1422     1422      13C        C       0
                cstackCOMRAM                          1        1       73        1       1
                cstackBANK0                          80       80       40       80       1
                cstackBANK1                         100      100       73      100       1
                cstackBANK2                         200      200       F2      200       1
                bssBANK2                            2F2      2F2        2      200       1
                dataBANK1                           1C8      1C8       10      100       1
                bssBANK1                            173      173       55      100       1
                dataBANK0                            C0       C0        4       80       1
                bssBANK0                             C4       C4        2       80       1
                cinit                              1EEA     1EEA       66        C       0
                idataBANK1                         23CC     23CC       10        C       0
                idataBANK0                         2404     2404        4        C       0

TOTAL           Name                               Link     Load   Length     Space
        CLASS   CODE           
                intcodelo                            18       18       54         0
                intcode                               8        8        6         0
                init                                 6C       6C        4         0
                reset_vec                             0        0        4         0
                text51                             23B6     23B6       16         0
                text50                             1CA0     1CA0       7E         0
                text49                             1ADA     1ADA       C4         0
                text48                              D32      D32      188         0
                text47                             1020     1020      164         0
                text46                             2280     2280       40         0
                text45                             240A     240A        2         0
                text44                             194A     194A       CA         0
                text43                             21BA     21BA       44         0
                text42                             1D1E     1D1E       7A         0
                text41                              92C      92C      27C         0
                text40                             12D4     12D4      14E         0
                text39                             209A     209A       4E         0
                text38                             204C     204C       4E         0
                intcode_body                       155E     155E      13A         0
                text36                             2176     2176       44         0
                text35                             2372     2372       18         0
                text34                             1F50     1F50       58         0
                text32                             23A0     23A0       16         0
                text31                             23E8     23E8        C         0
                text30                             23FC     23FC        8         0
                text29                             23F4     23F4        8         0
                text28                             2338     2338       22         0
                text27                             238A     238A       16         0
                text26                             2130     2130       46         0
                text25                             235A     235A       18         0
                text24                             1B9E     1B9E       84         0
                text23                              BA8      BA8      18A         0
                text22                              EBA      EBA      166         0
                text21                             21FE     21FE       42         0
                text20                             2408     2408        2         0
                text19                             187E     187E       CC         0
                text18                             20E8     20E8       48         0
                text17                             1C22     1C22       7E         0
                text16                              6AC      6AC      280         0
                text15                             1184     1184      150         0
                text14                             1FFA     1FFA       52         0
                text13                             1FA8     1FA8       52         0
                text12                               70       70      388         0
                text11                             23DC     23DC        C         0
                text10                             1A14     1A14       C6         0
                text9                              1D98     1D98       76         0
                text8                              1E7E     1E7E       6C         0
                text7                              1E0E     1E0E       70         0
                text6                              178E     178E       F0         0
                text5                              2240     2240       40         0
                text4                              22FE     22FE       3A         0
                text3                               3F8      3F8      2B4         0
                text2                              1698     1698       F6         0
                text1                              22C0     22C0       3E         0
                text0                              1422     1422      13C         0
                cinit                              1EEA     1EEA       66         0
                idataBANK1                         23CC     23CC       10         0
                idataBANK0                         2404     2404        4         0

        CLASS   CONST          

        CLASS   SMALLCONST     

        CLASS   MEDIUMCONST    
                mediumconst                        7AFC     7AFC      2C4         0

        CLASS   COMRAM         
                temp                                 74       74        1         1
                cstackCOMRAM                          1        1       73         1

        CLASS   ABS1           

        CLASS   BIGRAM         

        CLASS   RAM            

        CLASS   BANK0          
                cstackBANK0                          80       80       40         1
                dataBANK0                            C0       C0        4         1
                bssBANK0                             C4       C4        2         1

        CLASS   BANK1          
                cstackBANK1                         100      100       73         1
                dataBANK1                           1C8      1C8       10         1
                bssBANK1                            173      173       55         1

        CLASS   BANK2          
                cstackBANK2                         200      200       F2         1
                bssBANK2                            2F2      2F2        2         1

        CLASS   BANK3          

        CLASS   BANK4          

        CLASS   BANK5          

        CLASS   SFR            

        CLASS   BIGSFR         

        CLASS   CONFIG         
                config                           300000   300000        E         4

        CLASS   IDLOC          
                idloc                            200000   200000        8         5

        CLASS   EEDATA         

        CLASS   FARRAM         

        CLASS   HEAP           

        CLASS   STACK          



SEGMENTS        Name                           Load    Length   Top    Selector   Space  Class

                reset_vec                      000000  000004  000004         0       0  CODE    
                cstackCOMRAM                   000001  000074  000075         1       1  COMRAM  
                intcode                        000008  000006  00000E         4       0  CODE    
                intcodelo                      000018  0023F4  00240C         C       0  CODE    
                cstackBANK0                    000080  000046  0000C6        80       1  BANK0   
                cstackBANK1                    000100  0000D8  0001D8       100       1  BANK1   
                cstackBANK2                    000200  0000F4  0002F4       200       1  BANK2   
                mediumconst                    007AFC  0002C4  007DC0      3D7E       0  MEDIUMCO


UNUSED ADDRESS RANGES

        Name                Unused          Largest block    Delta
        BANK0            0000C6-0000FF               3A
        BANK1            0001D8-0001FF               28
        BANK2            0002F4-0002FF                C
        BANK3            000300-0003FF              100
        BANK4            000400-0004FF              100
        BANK5            000500-0005F3               F4
        BIGRAM           000075-00007F                B
                         0000C6-0000FF               3A
                         0001D8-0001FF               28
                         0002F4-0005F3              300
        BIGSFR           000F80-000F9B               1C
                         000F9D-000FD3               37
                         000FD5-000FDA                6
                         000FE0-000FE2                3
                         000FE8-000FEA                3
                         000FF0-000FFC                D
        CODE             000004-000007                4
                         00000E-000017                A
                         00240C-007AFB             56F0
        COMRAM           000075-00007F                B
        CONST            000004-000007                4
                         00000E-000017                A
                         00240C-007AFB             56F0
        EEDATA           F00000-F000FF              100
        MEDIUMCONST      00240C-007AFB             56F0
        RAM              0000C6-0000FF               3A
                         0001D8-0001FF               28
                         0002F4-0005F3              100
        SFR              000F80-000F9B               1C
                         000F9D-000FD3               37
                         000FD5-000FDA                6
                         000FE0-000FE2                3
                         000FE8-000FEA                3
                         000FF0-000FFC                D
        SMALLCONST       00240C-007AFB              100

                                  Symbol Table

?_GetString                    cstackBANK1  000100
?___aodiv                      cstackBANK1  000100
?___aomod                      cstackBANK1  000100
?___awdiv                      cstackBANK1  000112
?___lmul                       cstackBANK1  000100
?___lwdiv                      cstackBANK1  000100
?_abs                          cstackBANK1  000112
?_rand                         cstackBANK1  00010C
?_sprintf                      cstackBANK1  000158
?_strlen                       cstackBANK1  000100
?_vfprintf                     cstackBANK1  000150
?i2___aodiv                    cstackCOMRAM 000001
?i2___aomod                    cstackCOMRAM 000001
?i2___awdiv                    cstackCOMRAM 000001
?i2_abs                        cstackCOMRAM 000013
?i2_sprintf                    cstackCOMRAM 000059
?i2_vfprintf                   cstackCOMRAM 000051
ClearBuffer@i                  cstackBANK1  000100
ISR@range                      cstackBANK0  0000B4
ISR@s                          cstackBANK0  000080
ISR@temp                       cstackBANK0  0000B6
ISR@value                      cstackBANK0  0000B2
UART_Write@data                cstackBANK1  000100
UART_Write_Text@i              cstackBANK1  000105
UART_Write_Text@text           cstackBANK1  000101
_ADCON0bits                    (abs)        000FC2
_ADCON1                        (abs)        000FC1
_ADCON1bits                    (abs)        000FC1
_ADCON2bits                    (abs)        000FC0
_ADC_Initialize                text32       0023A0
_ADFM                          (abs)        007E07
_ADRESH                        (abs)        000FC4
_ADRESL                        (abs)        000FC3
_BAUDCONbits                   (abs)        000FB8
_CCP1CON                       (abs)        000FBD
_CCP1CONbits                   (abs)        000FBD
_CCP1_Initialize               text31       0023E8
_CCPR1L                        (abs)        000FBE
_CREN                          (abs)        007D5C
_ClearBuffer                   text26       002130
_GetString                     text11       0023DC
_INTCONbits                    (abs)        000FF2
_INTERRUPT_Initialize          text30       0023FC
_IPR1bits                      (abs)        000F9F
_IRCF0                         (abs)        007E9C
_IRCF1                         (abs)        007E9D
_IRCF2                         (abs)        007E9E
_ISR                           intcode      000008
_LATCbits                      (abs)        000F8B
_LATD                          (abs)        000F8C
_LATDbits                      (abs)        000F8C
_Lo_ISR                        intcodelo    000018
_MyusartRead                   text34       001F50
_OSCILLATOR_Initialize         text29       0023F4
_PIE1bits                      (abs)        000F9D
_PIR1bits                      (abs)        000F9E
_PORTBbits                     (abs)        000F81
_PORTEbits                     (abs)        000F84
_PR2                           (abs)        000FCB
_RCIF                          (abs)        007CF5
_RCONbits                      (abs)        000FD0
_RCREG                         (abs)        000FAE
_RCSTAbits                     (abs)        000FAB
_SPBRG                         (abs)        000FAF
_SYSTEM_Initialize             text27       00238A
_T2CONbits                     (abs)        000FCA
_TRISA                         (abs)        000F92
_TRISBbits                     (abs)        000F93
_TRISCbits                     (abs)        000F94
_TRISD                         (abs)        000F95
_TRISEbits                     (abs)        000F96
_TXREG                         (abs)        000FAD
_TXSTAbits                     (abs)        000FAC
_UART_Initialize               text28       002338
_UART_Write                    text25       00235A
_UART_Write_Text               text24       001B9E
__HRAM                         (abs)        000000
__Habs1                        abs1         000000
__Hbank0                       bank0        000000
__Hbank1                       bank1        000000
__Hbank2                       bank2        000000
__Hbank3                       bank3        000000
__Hbank4                       bank4        000000
__Hbank5                       bank5        000000
__Hbigbss                      bigbss       000000
__Hbigdata                     bigdata      000000
__Hbigram                      bigram       000000
__Hbigsfr                      bigsfr       000000
__Hbss                         bss          000000
__HbssBANK0                    bssBANK0     000000
__HbssBANK1                    bssBANK1     000000
__HbssBANK2                    bssBANK2     000000
__Hcinit                       cinit        000000
__Hclrtext                     clrtext      000000
__Hcomram                      comram       000000
__Hconfig                      config       30000E
__Hconst                       const        000000
__HcstackBANK0                 cstackBANK0  000000
__HcstackBANK1                 cstackBANK1  000000
__HcstackBANK2                 cstackBANK2  000000
__HcstackCOMRAM                cstackCOMRAM 000000
__Hdata                        data         000000
__HdataBANK0                   dataBANK0    000000
__HdataBANK1                   dataBANK1    000000
__Heeprom_data                 eeprom_data  000000
__Hfarbss                      farbss       000000
__Hfardata                     fardata      000000
__Hheap                        heap         000000
__Hibigdata                    ibigdata     000000
__Hidata                       idata        000000
__HidataBANK0                  idataBANK0   000000
__HidataBANK1                  idataBANK1   000000
__Hidloc                       idloc        200008
__Hifardata                    ifardata     000000
__Hinit                        init         000070
__Hintcode                     intcode      00000E
__Hintcode_body                intcode_body 000000
__Hintcodelo                   intcodelo    00006C
__Hintentry                    intentry     000000
__Hintret                      intret       000000
__Hintsave_regs                intsave_regs 000000
__Hirdata                      irdata       000000
__Hmediumconst                 mediumconst  007DC0
__HnvFARRAM                    nvFARRAM     000000
__Hnvbit                       nvbit        000000
__Hnvrram                      nvrram       000000
__Hparam                       rparam       000000
__Hpowerup                     powerup      00006C
__Hram                         ram          000000
__Hramtop                      ramtop       000600
__Hrbit                        rbit         000000
__Hrbss                        rbss         000000
__Hrdata                       rdata        000000
__Hreset_vec                   reset_vec    000004
__Hrparam                      rparam       000000
__Hsfr                         sfr          000000
__Hsmallconst                  smallconst   000000
__Hspace_0                     (abs)        007DC0
__Hspace_1                     (abs)        0002F4
__Hspace_2                     (abs)        000000
__Hspace_4                     (abs)        60000E
__Hstack                       stack        000000
__Hstruct                      struct       000000
__Htemp                        temp         000075
__Htext                        text         000000
__Htext0                       text0        000000
__Htext1                       text1        000000
__Htext10                      text10       000000
__Htext11                      text11       000000
__Htext12                      text12       000000
__Htext13                      text13       000000
__Htext14                      text14       000000
__Htext15                      text15       000000
__Htext16                      text16       000000
__Htext17                      text17       000000
__Htext18                      text18       000000
__Htext19                      text19       000000
__Htext2                       text2        000000
__Htext20                      text20       000000
__Htext21                      text21       000000
__Htext22                      text22       000000
__Htext23                      text23       000000
__Htext24                      text24       000000
__Htext25                      text25       000000
__Htext26                      text26       000000
__Htext27                      text27       000000
__Htext28                      text28       000000
__Htext29                      text29       000000
__Htext3                       text3        000000
__Htext30                      text30       000000
__Htext31                      text31       000000
__Htext32                      text32       000000
__Htext34                      text34       000000
__Htext35                      text35       000000
__Htext36                      text36       000000
__Htext38                      text38       000000
__Htext39                      text39       000000
__Htext4                       text4        000000
__Htext40                      text40       000000
__Htext41                      text41       000000
__Htext42                      text42       000000
__Htext43                      text43       000000
__Htext44                      text44       000000
__Htext45                      text45       000000
__Htext46                      text46       000000
__Htext47                      text47       000000
__Htext48                      text48       000000
__Htext49                      text49       000000
__Htext5                       text5        000000
__Htext50                      text50       000000
__Htext51                      text51       000000
__Htext6                       text6        000000
__Htext7                       text7        000000
__Htext8                       text8        000000
__Htext9                       text9        000000
__LRAM                         (abs)        000001
__Labs1                        abs1         000000
__Lbank0                       bank0        000000
__Lbank1                       bank1        000000
__Lbank2                       bank2        000000
__Lbank3                       bank3        000000
__Lbank4                       bank4        000000
__Lbank5                       bank5        000000
__Lbigbss                      bigbss       000000
__Lbigdata                     bigdata      000000
__Lbigram                      bigram       000000
__Lbigsfr                      bigsfr       000000
__Lbss                         bss          000000
__LbssBANK0                    bssBANK0     000000
__LbssBANK1                    bssBANK1     000000
__LbssBANK2                    bssBANK2     000000
__Lcinit                       cinit        000000
__Lclrtext                     clrtext      000000
__Lcomram                      comram       000000
__Lconfig                      config       000000
__Lconst                       const        000000
__LcstackBANK0                 cstackBANK0  000000
__LcstackBANK1                 cstackBANK1  000000
__LcstackBANK2                 cstackBANK2  000000
__LcstackCOMRAM                cstackCOMRAM 000000
__Ldata                        data         000000
__LdataBANK0                   dataBANK0    000000
__LdataBANK1                   dataBANK1    000000
__Leeprom_data                 eeprom_data  000000
__Lfarbss                      farbss       000000
__Lfardata                     fardata      000000
__Lheap                        heap         000000
__Libigdata                    ibigdata     000000
__Lidata                       idata        000000
__LidataBANK0                  idataBANK0   000000
__LidataBANK1                  idataBANK1   000000
__Lidloc                       idloc        000000
__Lifardata                    ifardata     000000
__Linit                        init         00006C
__Lintcode                     intcode      000008
__Lintcode_body                intcode_body 000000
__Lintcodelo                   intcodelo    000018
__Lintentry                    intentry     000000
__Lintret                      intret       000000
__Lintsave_regs                intsave_regs 000000
__Lirdata                      irdata       000000
__Lmediumconst                 mediumconst  007AFC
__LnvFARRAM                    nvFARRAM     000000
__Lnvbit                       nvbit        000000
__Lnvrram                      nvrram       000000
__Lparam                       rparam       000000
__Lpowerup                     powerup      00006C
__Lram                         ram          000000
__Lramtop                      ramtop       000600
__Lrbit                        rbit         000000
__Lrbss                        rbss         000000
__Lrdata                       rdata        000000
__Lreset_vec                   reset_vec    000000
__Lrparam                      rparam       000000
__Lsfr                         sfr          000000
__Lsmallconst                  smallconst   000000
__Lspace_0                     (abs)        000000
__Lspace_1                     (abs)        000000
__Lspace_2                     (abs)        000000
__Lspace_4                     (abs)        000000
__Lstack                       stack        000000
__Lstruct                      struct       000000
__Ltemp                        temp         000074
__Ltext                        text         000000
__Ltext0                       text0        000000
__Ltext1                       text1        000000
__Ltext10                      text10       000000
__Ltext11                      text11       000000
__Ltext12                      text12       000000
__Ltext13                      text13       000000
__Ltext14                      text14       000000
__Ltext15                      text15       000000
__Ltext16                      text16       000000
__Ltext17                      text17       000000
__Ltext18                      text18       000000
__Ltext19                      text19       000000
__Ltext2                       text2        000000
__Ltext20                      text20       000000
__Ltext21                      text21       000000
__Ltext22                      text22       000000
__Ltext23                      text23       000000
__Ltext24                      text24       000000
__Ltext25                      text25       000000
__Ltext26                      text26       000000
__Ltext27                      text27       000000
__Ltext28                      text28       000000
__Ltext29                      text29       000000
__Ltext3                       text3        000000
__Ltext30                      text30       000000
__Ltext31                      text31       000000
__Ltext32                      text32       000000
__Ltext34                      text34       000000
__Ltext35                      text35       000000
__Ltext36                      text36       000000
__Ltext38                      text38       000000
__Ltext39                      text39       000000
__Ltext4                       text4        000000
__Ltext40                      text40       000000
__Ltext41                      text41       000000
__Ltext42                      text42       000000
__Ltext43                      text43       000000
__Ltext44                      text44       000000
__Ltext45                      text45       000000
__Ltext46                      text46       000000
__Ltext47                      text47       000000
__Ltext48                      text48       000000
__Ltext49                      text49       000000
__Ltext5                       text5        000000
__Ltext50                      text50       000000
__Ltext51                      text51       000000
__Ltext6                       text6        000000
__Ltext7                       text7        000000
__Ltext8                       text8        000000
__Ltext9                       text9        000000
__S0                           (abs)        007DC0
__S1                           (abs)        0002F4
__S4                           (abs)        000000
__S5                           (abs)        000000
___aodiv                       text23       000BA8
___aodiv@counter               cstackBANK1  000110
___aodiv@dividend              cstackBANK1  000100
___aodiv@divisor               cstackBANK1  000108
___aodiv@quotient              cstackBANK1  000112
___aodiv@sign                  cstackBANK1  000111
___aomod                       text22       000EBA
___aomod@counter               cstackBANK1  000110
___aomod@dividend              cstackBANK1  000100
___aomod@divisor               cstackBANK1  000108
___aomod@sign                  cstackBANK1  000111
___awdiv                       text10       001A14
___awdiv@counter               cstackBANK1  000116
___awdiv@dividend              cstackBANK1  000112
___awdiv@divisor               cstackBANK1  000114
___awdiv@quotient              cstackBANK1  000118
___awdiv@sign                  cstackBANK1  000117
___heap_hi                     (abs)        000000
___heap_lo                     (abs)        000000
___inthi_sp                    stack        000000
___intlo_sp                    stack        000000
___lmul                        text8        001E7E
___lmul@multiplicand           cstackBANK1  000104
___lmul@multiplier             cstackBANK1  000100
___lmul@product                cstackBANK1  000108
___lwdiv                       text9        001D98
___lwdiv@counter               cstackBANK1  000104
___lwdiv@dividend              cstackBANK1  000100
___lwdiv@divisor               cstackBANK1  000102
___lwdiv@quotient              cstackBANK1  000105
___param_bank                  (abs)        000000
___rparam_used                 (abs)        000001
___sp                          stack        000000
__accesstop                    (abs)        000080
__activetblptr                 (abs)        000002
__end_of_ADC_Initialize        text32       0023B6
__end_of_CCP1_Initialize       text31       0023F4
__end_of_ClearBuffer           text26       002176
__end_of_GetString             text11       0023E8
__end_of_INTERRUPT_Initialize  text30       002404
__end_of_ISR                   intcode_body 001698
__end_of_Lo_ISR                intcodelo    00006C
__end_of_MyusartRead           text34       001FA8
__end_of_OSCILLATOR_Initialize text29       0023FC
__end_of_SYSTEM_Initialize     text27       0023A0
__end_of_UART_Initialize       text28       00235A
__end_of_UART_Write            text25       002372
__end_of_UART_Write_Text       text24       001C22
__end_of___aodiv               text23       000D32
__end_of___aomod               text22       001020
__end_of___awdiv               text10       001ADA
__end_of___lmul                text8        001EEA
__end_of___lwdiv               text9        001E0E
__end_of__initialization       cinit        001F42
__end_of_abs                   text21       002240
__end_of_count_score           text12       0003F8
__end_of_dtoa                  text16       00092C
__end_of_fputc                 text19       00194A
__end_of_fputs                 text18       002130
__end_of_main                  text0        00155E
__end_of_pad                   text17       001CA0
__end_of_putch                 text20       00240A
__end_of_rand                  text7        001E7E
__end_of_round                 text3        0006AC
__end_of_show_result           text2        00178E
__end_of_shuffle               text6        00187E
__end_of_sprintf               text13       001FFA
__end_of_start                 text1        0022FE
__end_of_strcpy                text5        002280
__end_of_strlen                text4        002338
__end_of_vfpfcnvrt             text15       0012D4
__end_of_vfprintf              text14       00204C
__end_ofi1_ClearBuffer         text36       0021BA
__end_ofi1_UART_Write          text35       00238A
__end_ofi2_UART_Write          text51       0023CC
__end_ofi2_UART_Write_Text     text50       001D1E
__end_ofi2___aodiv             text48       000EBA
__end_ofi2___aomod             text47       001184
__end_ofi2___awdiv             text49       001B9E
__end_ofi2_abs                 text46       0022C0
__end_ofi2_dtoa                text41       000BA8
__end_ofi2_fputc               text44       001A14
__end_ofi2_fputs               text43       0021FE
__end_ofi2_pad                 text42       001D98
__end_ofi2_putch               text45       00240C
__end_ofi2_sprintf             text38       00209A
__end_ofi2_vfpfcnvrt           text40       001422
__end_ofi2_vfprintf            text39       0020E8
__initialization               cinit        001EEA
__mediumconst                  mediumconst  007AFC
__pbssBANK0                    bssBANK0     0000C4
__pbssBANK1                    bssBANK1     000173
__pbssBANK2                    bssBANK2     0002F2
__pcinit                       cinit        001EEA
__pcstackBANK0                 cstackBANK0  000080
__pcstackBANK1                 cstackBANK1  000100
__pcstackBANK2                 cstackBANK2  000200
__pcstackCOMRAM                cstackCOMRAM 000001
__pdataBANK0                   dataBANK0    0000C0
__pdataBANK1                   dataBANK1    0001C8
__pidataBANK0                  idataBANK0   002404
__pidataBANK1                  idataBANK1   0023CC
__pintcode                     intcode      000008
__pintcode_body                intcode_body 00155E
__pintcodelo                   intcodelo    000018
__pmediumconst                 mediumconst  007AFC
__ptext0                       text0        001422
__ptext1                       text1        0022C0
__ptext10                      text10       001A14
__ptext11                      text11       0023DC
__ptext12                      text12       000070
__ptext13                      text13       001FA8
__ptext14                      text14       001FFA
__ptext15                      text15       001184
__ptext16                      text16       0006AC
__ptext17                      text17       001C22
__ptext18                      text18       0020E8
__ptext19                      text19       00187E
__ptext2                       text2        001698
__ptext20                      text20       002408
__ptext21                      text21       0021FE
__ptext22                      text22       000EBA
__ptext23                      text23       000BA8
__ptext24                      text24       001B9E
__ptext25                      text25       00235A
__ptext26                      text26       002130
__ptext27                      text27       00238A
__ptext28                      text28       002338
__ptext29                      text29       0023F4
__ptext3                       text3        0003F8
__ptext30                      text30       0023FC
__ptext31                      text31       0023E8
__ptext32                      text32       0023A0
__ptext34                      text34       001F50
__ptext35                      text35       002372
__ptext36                      text36       002176
__ptext38                      text38       00204C
__ptext39                      text39       00209A
__ptext4                       text4        0022FE
__ptext40                      text40       0012D4
__ptext41                      text41       00092C
__ptext42                      text42       001D1E
__ptext43                      text43       0021BA
__ptext44                      text44       00194A
__ptext45                      text45       00240A
__ptext46                      text46       002280
__ptext47                      text47       001020
__ptext48                      text48       000D32
__ptext49                      text49       001ADA
__ptext5                       text5        002240
__ptext50                      text50       001CA0
__ptext51                      text51       0023B6
__ptext6                       text6        00178E
__ptext7                       text7        001E0E
__ptext8                       text8        001E7E
__ptext9                       text9        001D98
__ramtop                       ramtop       000600
__smallconst                   smallconst   000000
_abs                           text21       0021FE
_adc_time                      dataBANK0    0000C0
_begin                         bssBANK1     000177
_count_score                   text12       000070
_cur_play_times                dataBANK0    0000C2
_dbuf                          bssBANK1     00017C
_difficulty                    bssBANK1     000179
_dtoa                          text16       0006AC
_dtoa$1986                     cstackBANK1  00012D
_flags                         bssBANK1     00017B
_fputc                         text19       00187E
_fputs                         text18       0020E8
_lenStr                        bssBANK0     0000C4
_main                          text0        001422
_mystring                      bssBANK1     00019C
_no_scored                     bssBANK2     0002F2
_pad                           text17       001C22
_prec                          bssBANK1     000175
_putch                         text20       002408
_rand                          text7        001E0E
_round                         text3        0003F8
_scored                        bssBANK2     0002F3
_seed                          bssBANK1     0001C4
_show_result                   text2        001698
_shuffle                       text6        00178E
_sprintf                       text13       001FA8
_start                         text1        0022C0
_str                           bssBANK1     0001B0
_strcpy                        text5        002240
_strlen                        text4        0022FE
_vfpfcnvrt                     text15       001184
_vfprintf                      text14       001FFA
_width                         bssBANK1     000173
abs@a                          cstackBANK1  000112
btemp                          temp         000074
count_score@seven              cstackBANK2  0002F0
count_score@txt                cstackBANK2  000200
count_score@txt_813            cstackBANK2  00021E
count_score@txt_815            cstackBANK2  00023C
count_score@txt_817            cstackBANK2  00025A
count_score@txt_819            cstackBANK2  000278
count_score@txt_821            cstackBANK2  000296
count_score@txt_827            cstackBANK2  0002B4
count_score@txt_830            cstackBANK2  0002D2
dtoa@d                         cstackBANK1  00011D
dtoa@fp                        cstackBANK1  00011B
dtoa@i                         cstackBANK1  00013C
dtoa@n                         cstackBANK1  000133
dtoa@p                         cstackBANK1  00012F
dtoa@s                         cstackBANK1  00013B
dtoa@w                         cstackBANK1  000131
end_of_initialization          cinit        001F42
fputc@c                        cstackBANK1  000100
fputc@fp                       cstackBANK1  000102
fputs@c                        cstackBANK1  00010D
fputs@fp                       cstackBANK1  00010B
fputs@i                        cstackBANK1  00010E
fputs@s                        cstackBANK1  000109
i1ClearBuffer@i                cstackBANK0  0000B8
i1UART_Write@data              cstackBANK0  0000B8
i1_ClearBuffer                 text36       002176
i1_UART_Write                  text35       002372
i2UART_Write@data              cstackCOMRAM 000001
i2UART_Write_Text@i            cstackCOMRAM 000006
i2UART_Write_Text@text         cstackCOMRAM 000002
i2_UART_Write                  text51       0023B6
i2_UART_Write_Text             text50       001CA0
i2___aodiv                     text48       000D32
i2___aodiv@counter             cstackCOMRAM 000011
i2___aodiv@dividend            cstackCOMRAM 000001
i2___aodiv@divisor             cstackCOMRAM 000009
i2___aodiv@quotient            cstackCOMRAM 000013
i2___aodiv@sign                cstackCOMRAM 000012
i2___aomod                     text47       001020
i2___aomod@counter             cstackCOMRAM 000011
i2___aomod@dividend            cstackCOMRAM 000001
i2___aomod@divisor             cstackCOMRAM 000009
i2___aomod@sign                cstackCOMRAM 000012
i2___awdiv                     text49       001ADA
i2___awdiv@counter             cstackCOMRAM 000005
i2___awdiv@dividend            cstackCOMRAM 000001
i2___awdiv@divisor             cstackCOMRAM 000003
i2___awdiv@quotient            cstackCOMRAM 000007
i2___awdiv@sign                cstackCOMRAM 000006
i2_abs                         text46       002280
i2_dtoa                        text41       00092C
i2_dtoa$1986                   cstackCOMRAM 00002E
i2_fputc                       text44       00194A
i2_fputs                       text43       0021BA
i2_pad                         text42       001D1E
i2_putch                       text45       00240A
i2_sprintf                     text38       00204C
i2_vfpfcnvrt                   text40       0012D4
i2_vfprintf                    text39       00209A
i2abs@a                        cstackCOMRAM 000013
i2dtoa@d                       cstackCOMRAM 00001E
i2dtoa@fp                      cstackCOMRAM 00001C
i2dtoa@i                       cstackCOMRAM 00003C
i2dtoa@n                       cstackCOMRAM 000034
i2dtoa@p                       cstackCOMRAM 000030
i2dtoa@s                       cstackCOMRAM 00003E
i2dtoa@w                       cstackCOMRAM 000032
i2fputc@c                      cstackCOMRAM 000001
i2fputc@fp                     cstackCOMRAM 000003
i2fputs@c                      cstackCOMRAM 00000E
i2fputs@fp                     cstackCOMRAM 00000C
i2fputs@i                      cstackCOMRAM 00000F
i2fputs@s                      cstackCOMRAM 00000A
i2pad@buf                      cstackCOMRAM 000013
i2pad@fp                       cstackCOMRAM 000011
i2pad@i                        cstackCOMRAM 000018
i2pad@p                        cstackCOMRAM 000015
i2pad@w                        cstackCOMRAM 00001A
i2sprintf@ap                   cstackCOMRAM 00005F
i2sprintf@f                    cstackCOMRAM 000061
i2sprintf@fmt                  cstackCOMRAM 00005B
i2sprintf@s                    cstackCOMRAM 000059
i2vfpfcnvrt@ap                 cstackCOMRAM 000043
i2vfpfcnvrt@convarg            cstackCOMRAM 000047
i2vfpfcnvrt@cp                 cstackCOMRAM 00004F
i2vfpfcnvrt@fmt                cstackCOMRAM 000041
i2vfpfcnvrt@fp                 cstackCOMRAM 00003F
i2vfprintf@ap                  cstackCOMRAM 000055
i2vfprintf@cfmt                cstackCOMRAM 000057
i2vfprintf@fmt                 cstackCOMRAM 000053
i2vfprintf@fp                  cstackCOMRAM 000051
int$flags                      temp         000074
int_func                       intcode_body 00155E
intlevel0                      text         000000
intlevel1                      text         000000
intlevel2                      text         000000
intlevel3                      text         000000
isa$std                        (abs)        000001
isa$xinst                      (abs)        000000
main@lenStr                    cstackBANK1  000171
pad@buf                        cstackBANK1  000112
pad@fp                         cstackBANK1  000110
pad@i                          cstackBANK1  000117
pad@p                          cstackBANK1  000114
pad@w                          cstackBANK1  000119
round@F3251                    dataBANK1    0001C8
round@leds                     cstackBANK1  000126
round@lenStr                   cstackBANK1  000140
round@level_str                cstackBANK1  000136
shuffle@array                  cstackBANK1  00011A
shuffle@i                      cstackBANK1  000124
shuffle@j                      cstackBANK1  000122
shuffle@n                      cstackBANK1  00011C
shuffle@t                      cstackBANK1  000120
sprintf@ap                     cstackBANK1  000162
sprintf@f                      cstackBANK1  000164
sprintf@fmt                    cstackBANK1  00015A
sprintf@s                      cstackBANK1  000158
stackhi                        (abs)        000000
stacklo                        (abs)        000000
start                          init         00006C
start_initialization           cinit        001EEA
strcpy@d                       cstackBANK1  000108
strcpy@dest                    cstackBANK1  000102
strcpy@s                       cstackBANK1  000106
strcpy@src                     cstackBANK1  000104
strlen@a                       cstackBANK1  000102
strlen@s                       cstackBANK1  000100
ttemp5                         temp         000075
ttemp6                         temp         000078
ttemp7                         temp         00007C
vfpfcnvrt@ap                   cstackBANK1  000142
vfpfcnvrt@convarg              cstackBANK1  000146
vfpfcnvrt@cp                   cstackBANK1  00014E
vfpfcnvrt@fmt                  cstackBANK1  000140
vfpfcnvrt@fp                   cstackBANK1  00013E
vfprintf@ap                    cstackBANK1  000154
vfprintf@cfmt                  cstackBANK1  000156
vfprintf@fmt                   cstackBANK1  000152
vfprintf@fp                    cstackBANK1  000150
wtemp8                         temp         000075


MODULE INFORMATION

Module		Function		Class		Link	Load	Size
setting_hardaware/interrupt_manager.c
		_INTERRUPT_Initialize		CODE           	23FC	0000	8

setting_hardaware/interrupt_manager.c estimated size: 8

D:\Program Files\Microchip\xc8\v2.40\pic\sources\c99\common\Umul32.c
		___lmul        		CODE           	1E7E	0000	108

D:\Program Files\Microchip\xc8\v2.40\pic\sources\c99\common\Umul32.c estimated size: 108

D:\Program Files\Microchip\xc8\v2.40\pic\sources\c99\common\aodiv.c
		___aodiv       		CODE           	0BA8	0000	394

D:\Program Files\Microchip\xc8\v2.40\pic\sources\c99\common\aodiv.c estimated size: 394

D:\Program Files\Microchip\xc8\v2.40\pic\sources\c99\common\nf_fputs.c
		_fputs         		CODE           	20E8	0000	72

D:\Program Files\Microchip\xc8\v2.40\pic\sources\c99\common\nf_fputs.c estimated size: 72

setting_hardaware/uart.c
		_Lo_ISR        		CODE           	0018	0000	84
		_MyusartRead   		CODE           	1F50	0000	88
		_UART_Write_Text		CODE           	1B9E	0000	132
		_GetString     		CODE           	23DC	0000	12
		_ClearBuffer   		CODE           	2130	0000	70
		_UART_Initialize		CODE           	2338	0000	34
		_UART_Write    		CODE           	235A	0000	24

setting_hardaware/uart.c estimated size: 444

D:\Program Files\Microchip\xc8\v2.40\pic\sources\c99\common\strlen.c
		_strlen        		CODE           	22FE	0000	58

D:\Program Files\Microchip\xc8\v2.40\pic\sources\c99\common\strlen.c estimated size: 58

D:\Program Files\Microchip\xc8\v2.40\pic\sources\c99\common\lwdiv.c
		___lwdiv       		CODE           	1D98	0000	118

D:\Program Files\Microchip\xc8\v2.40\pic\sources\c99\common\lwdiv.c estimated size: 118

D:\Program Files\Microchip\xc8\v2.40\pic\sources\c99\common\awdiv.c
		___awdiv       		CODE           	1A14	0000	198

D:\Program Files\Microchip\xc8\v2.40\pic\sources\c99\common\awdiv.c estimated size: 198

D:\Program Files\Microchip\xc8\v2.40\pic\sources\c99\common\strcpy.c
		_strcpy        		CODE           	2240	0000	64

D:\Program Files\Microchip\xc8\v2.40\pic\sources\c99\common\strcpy.c estimated size: 64

setting_hardaware/ccp1.c
		_CCP1_Initialize		CODE           	23E8	0000	12

setting_hardaware/ccp1.c estimated size: 12

setting_hardaware/adc.c
		_ADC_Initialize		CODE           	23A0	0000	22

setting_hardaware/adc.c estimated size: 22

D:\Program Files\Microchip\xc8\v2.40\pic\sources\c99\common\doprnt.c
		_vfpfcnvrt     		CODE           	1184	0000	336
		_pad           		CODE           	1C22	0000	126
		_dtoa          		CODE           	06AC	0000	640
		_vfprintf      		CODE           	1FFA	0000	82

D:\Program Files\Microchip\xc8\v2.40\pic\sources\c99\common\doprnt.c estimated size: 1184

shared
		i2_vfpfcnvrt   		CODE           	12D4	0000	334
		i2_pad         		CODE           	1D1E	0000	122
		i2_abs         		CODE           	2280	0000	64
		i2_putch       		CODE           	240A	0000	2
		i1_ClearBuffer 		CODE           	2176	0000	68
		i2_vfprintf    		CODE           	209A	0000	78
		i1_UART_Write  		CODE           	2372	0000	24
		i2_UART_Write  		CODE           	23B6	0000	22
		i2___awdiv     		CODE           	1ADA	0000	196
		i2_dtoa        		CODE           	092C	0000	636
		__initialization		CODE           	1EEA	0000	88
		i2___aodiv     		CODE           	0D32	0000	392
		i2_sprintf     		CODE           	204C	0000	78
		i2_UART_Write_Text		CODE           	1CA0	0000	126
		i2___aomod     		CODE           	1020	0000	356
		i2_fputc       		CODE           	194A	0000	202
		i2_fputs       		CODE           	21BA	0000	68

shared estimated size: 2856

D:\Program Files\Microchip\xc8\v2.40\pic\sources\c99\common\nf_fputc.c
		_fputc         		CODE           	187E	0000	204

D:\Program Files\Microchip\xc8\v2.40\pic\sources\c99\common\nf_fputc.c estimated size: 204

setting_hardaware/setting.c
		_OSCILLATOR_Initialize		CODE           	23F4	0000	8
		_SYSTEM_Initialize		CODE           	238A	0000	22

setting_hardaware/setting.c estimated size: 30

D:\Program Files\Microchip\xc8\v2.40\pic\sources\c99\common\nf_sprintf.c
		_sprintf       		CODE           	1FA8	0000	82

D:\Program Files\Microchip\xc8\v2.40\pic\sources\c99\common\nf_sprintf.c estimated size: 82

D:\Program Files\Microchip\xc8\v2.40\pic\sources\c99\common\rand.c
		_rand          		CODE           	1E0E	0000	112

D:\Program Files\Microchip\xc8\v2.40\pic\sources\c99\common\rand.c estimated size: 112

D:\Program Files\Microchip\xc8\v2.40\pic\sources\c99\common\abs.c
		_abs           		CODE           	21FE	0000	66

D:\Program Files\Microchip\xc8\v2.40\pic\sources\c99\common\abs.c estimated size: 66

D:\Program Files\Microchip\xc8\v2.40\pic\sources\c99\common\aomod.c
		___aomod       		CODE           	0EBA	0000	358

D:\Program Files\Microchip\xc8\v2.40\pic\sources\c99\common\aomod.c estimated size: 358

main.c
		_ISR           		CODE           	0008	0000	320
		_main          		CODE           	1422	0000	316
		_round         		CODE           	03F8	0000	692
		_shuffle       		CODE           	178E	0000	240
		_show_result   		CODE           	1698	0000	246
		_start         		CODE           	22C0	0000	62
		_count_score   		CODE           	0070	0000	904

main.c estimated size: 2780

D:\Program Files\Microchip\xc8\v2.40\pic\sources\c99\common\putch.c
		_putch         		CODE           	2408	0000	2

D:\Program Files\Microchip\xc8\v2.40\pic\sources\c99\common\putch.c estimated size: 2

